// Jest Snapshot v1, https://goo.gl/fbAQLP

exports[`renders correctly 1`] = `
<View
  style={
    Object {
      "backgroundColor": "rgb(54,54,54)",
      "flex": 1,
      "height": 1334,
      "padding": 30,
      "paddingBottom": 20,
      "paddingTop": 20,
      "width": 750,
    }
  }
>
  <Text
    accessible={true}
    allowFontScaling={true}
    disabled={false}
    ellipsizeMode="tail"
  >
    Profile
  </Text>
</View>
`;
